
> client@0.1.0 build
> next build

Γû▓ Next.js 16.1.6 (Turbopack)

  Creating an optimized production build ...
Γ£ô Compiled successfully in 11.5s
  Running TypeScript ...
  Collecting page data using 3 workers ...
  Generating static pages using 3 workers (0/9) ...
  Generating static pages using 3 workers (2/9) 
  Generating static pages using 3 workers (4/9) 
  Generating static pages using 3 workers (6/9) 
node.exe : Γ¿» 
useSearchParams() 
should be wrapped in a 
suspense boundary at 
page "/products". Read 
more: https://nextjs.or
g/docs/messages/missing
-suspense-with-csr-bail
out
At line:1 char:1
+ & "C:\Program 
Files\nodejs/node.exe" 
"C:\Users\LALA 
TECH\AppData\Roam ...
+ ~~~~~~~~~~~~~~~~~~~~~
~~~~~~~~~~~~~~~~~~~~~~~
~~~~~~~~~~~~~~~~~~~~~~~
~~
    + CategoryInfo     
         : NotSpecifi  
  ed: (Γ¿» useSearch   
 Pa...ith-csr-bailo    
ut:String) [], Rem    
oteException
    + FullyQualifiedEr 
   rorId : NativeComm  
  andError
 
    at Q 
(C:\Users\LALA TECH\Des
ktop\foluxe\client\.nex
t\server\chunks\ssr\nod
e_modules_next_920e7746
._.js:2:2111)
    at o 
(C:\Users\LALA TECH\Des
ktop\foluxe\client\.nex
t\server\chunks\ssr\nod
e_modules_next_920e7746
._.js:4:5284)
    at j 
(C:\Users\LALA TECH\Des
ktop\foluxe\client\.nex
t\server\chunks\ssr\[ro
ot-of-the-server]__49d4
a075._.js:1:4715)
    at an 
(C:\Users\LALA TECH\Des
ktop\foluxe\client\node
_modules\next\dist\comp
iled\next-server\app-pa
ge-turbo.runtime.prod.j
s:2:84360)
    at ai 
(C:\Users\LALA TECH\Des
ktop\foluxe\client\node
_modules\next\dist\comp
iled\next-server\app-pa
ge-turbo.runtime.prod.j
s:2:86179)
    at al 
(C:\Users\LALA TECH\Des
ktop\foluxe\client\node
_modules\next\dist\comp
iled\next-server\app-pa
ge-turbo.runtime.prod.j
s:2:107953)
    at as 
(C:\Users\LALA TECH\Des
ktop\foluxe\client\node
_modules\next\dist\comp
iled\next-server\app-pa
ge-turbo.runtime.prod.j
s:2:105368)
    at aa 
(C:\Users\LALA TECH\Des
ktop\foluxe\client\node
_modules\next\dist\comp
iled\next-server\app-pa
ge-turbo.runtime.prod.j
s:2:84712)
    at ai 
(C:\Users\LALA TECH\Des
ktop\foluxe\client\node
_modules\next\dist\comp
iled\next-server\app-pa
ge-turbo.runtime.prod.j
s:2:86228)
    at ai 
(C:\Users\LALA TECH\Des
ktop\foluxe\client\node
_modules\next\dist\comp
iled\next-server\app-pa
ge-turbo.runtime.prod.j
s:2:104708)
Error occurred 
prerendering page 
"/products". Read 
more: https://nextjs.or
g/docs/messages/prerend
er-error
Export encountered an 
error on 
/products/page: 
/products, exiting the 
build.
Γ¿» Next.js build 
worker exited with 
code: 1 and signal: 
null
